2025-12-05 23:28:45 INFO  o.d.DispatcherApplication:55 - Starting DispatcherApplication using Java 17.0.11 on DESKTOP-QVVD2JF with PID 476 (D:\JAVA\MyJava\BotStorage\dispatcher\target\classes started by rexar.ika in D:\JAVA\MyJava\BotStorage)
2025-12-05 23:28:45 DEBUG o.d.DispatcherApplication:56 - Running with Spring Boot v2.5.2, Spring v5.3.8
2025-12-05 23:28:45 INFO  o.d.DispatcherApplication:659 - No active profile set, falling back to default profiles: default
2025-12-05 23:28:45 INFO  o.s.b.w.e.t.TomcatWebServer:108 - Tomcat initialized with port(s): 8082 (http)
2025-12-05 23:28:45 INFO  o.a.c.h.Http11NioProtocol:173 - Initializing ProtocolHandler ["http-nio-8082"]
2025-12-05 23:28:45 INFO  o.a.c.c.StandardService:173 - Starting service [Tomcat]
2025-12-05 23:28:45 INFO  o.a.c.c.StandardEngine:173 - Starting Servlet engine: [Apache Tomcat/9.0.48]
2025-12-05 23:28:46 INFO  o.a.c.c.C.[.[.[/]:173 - Initializing Spring embedded WebApplicationContext
2025-12-05 23:28:46 INFO  o.s.b.w.s.c.ServletWebServerApplicationContext:290 - Root WebApplicationContext: initialization completed in 591 ms
2025-12-05 23:28:46 INFO  o.a.c.h.Http11NioProtocol:173 - Starting ProtocolHandler ["http-nio-8082"]
2025-12-05 23:28:46 INFO  o.s.b.w.e.t.TomcatWebServer:220 - Tomcat started on port(s): 8082 (http) with context path ''
2025-12-05 23:28:46 INFO  o.d.DispatcherApplication:61 - Started DispatcherApplication in 1.695 seconds (JVM running for 2.106)
2025-12-05 23:47:41 INFO  o.d.DispatcherApplication:55 - Starting DispatcherApplication using Java 17.0.11 on DESKTOP-QVVD2JF with PID 31340 (D:\JAVA\MyJava\BotStorage\dispatcher\target\classes started by rexar.ika in D:\JAVA\MyJava\BotStorage)
2025-12-05 23:47:41 DEBUG o.d.DispatcherApplication:56 - Running with Spring Boot v2.5.2, Spring v5.3.8
2025-12-05 23:47:41 INFO  o.d.DispatcherApplication:659 - No active profile set, falling back to default profiles: default
2025-12-05 23:47:42 INFO  o.s.b.w.e.t.TomcatWebServer:108 - Tomcat initialized with port(s): 8082 (http)
2025-12-05 23:47:42 INFO  o.a.c.h.Http11NioProtocol:173 - Initializing ProtocolHandler ["http-nio-8082"]
2025-12-05 23:47:42 INFO  o.a.c.c.StandardService:173 - Starting service [Tomcat]
2025-12-05 23:47:42 INFO  o.a.c.c.StandardEngine:173 - Starting Servlet engine: [Apache Tomcat/9.0.48]
2025-12-05 23:47:42 INFO  o.a.c.c.C.[.[.[/]:173 - Initializing Spring embedded WebApplicationContext
2025-12-05 23:47:42 INFO  o.s.b.w.s.c.ServletWebServerApplicationContext:290 - Root WebApplicationContext: initialization completed in 559 ms
2025-12-05 23:47:43 INFO  o.a.c.h.Http11NioProtocol:173 - Starting ProtocolHandler ["http-nio-8082"]
2025-12-05 23:47:43 INFO  o.s.b.w.e.t.TomcatWebServer:220 - Tomcat started on port(s): 8082 (http) with context path ''
2025-12-05 23:47:43 INFO  o.d.DispatcherApplication:61 - Started DispatcherApplication in 1.513 seconds (JVM running for 1.884)
2025-12-05 23:50:39 INFO  o.d.DispatcherApplication:55 - Starting DispatcherApplication using Java 17.0.11 on DESKTOP-QVVD2JF with PID 18232 (D:\JAVA\MyJava\BotStorage\dispatcher\target\classes started by rexar.ika in D:\JAVA\MyJava\BotStorage)
2025-12-05 23:50:39 DEBUG o.d.DispatcherApplication:56 - Running with Spring Boot v2.5.2, Spring v5.3.8
2025-12-05 23:50:39 INFO  o.d.DispatcherApplication:659 - No active profile set, falling back to default profiles: default
2025-12-05 23:50:39 INFO  o.s.b.w.e.t.TomcatWebServer:108 - Tomcat initialized with port(s): 8082 (http)
2025-12-05 23:50:39 INFO  o.a.c.h.Http11NioProtocol:173 - Initializing ProtocolHandler ["http-nio-8082"]
2025-12-05 23:50:39 INFO  o.a.c.c.StandardService:173 - Starting service [Tomcat]
2025-12-05 23:50:39 INFO  o.a.c.c.StandardEngine:173 - Starting Servlet engine: [Apache Tomcat/9.0.48]
2025-12-05 23:50:39 INFO  o.a.c.c.C.[.[.[/]:173 - Initializing Spring embedded WebApplicationContext
2025-12-05 23:50:39 INFO  o.s.b.w.s.c.ServletWebServerApplicationContext:290 - Root WebApplicationContext: initialization completed in 555 ms
2025-12-05 23:50:40 INFO  o.a.c.h.Http11NioProtocol:173 - Starting ProtocolHandler ["http-nio-8082"]
2025-12-05 23:50:40 INFO  o.s.b.w.e.t.TomcatWebServer:220 - Tomcat started on port(s): 8082 (http) with context path ''
2025-12-05 23:50:40 INFO  o.d.DispatcherApplication:61 - Started DispatcherApplication in 1.498 seconds (JVM running for 1.87)
2025-12-05 23:52:42 INFO  o.d.DispatcherApplication:55 - Starting DispatcherApplication using Java 17.0.11 on DESKTOP-QVVD2JF with PID 30936 (D:\JAVA\MyJava\BotStorage\dispatcher\target\classes started by rexar.ika in D:\JAVA\MyJava\BotStorage)
2025-12-05 23:52:42 DEBUG o.d.DispatcherApplication:56 - Running with Spring Boot v2.5.2, Spring v5.3.8
2025-12-05 23:52:42 INFO  o.d.DispatcherApplication:659 - No active profile set, falling back to default profiles: default
2025-12-05 23:52:42 INFO  o.s.b.w.e.t.TomcatWebServer:108 - Tomcat initialized with port(s): 8082 (http)
2025-12-05 23:52:42 INFO  o.a.c.h.Http11NioProtocol:173 - Initializing ProtocolHandler ["http-nio-8082"]
2025-12-05 23:52:42 INFO  o.a.c.c.StandardService:173 - Starting service [Tomcat]
2025-12-05 23:52:42 INFO  o.a.c.c.StandardEngine:173 - Starting Servlet engine: [Apache Tomcat/9.0.48]
2025-12-05 23:52:42 INFO  o.a.c.c.C.[.[.[/]:173 - Initializing Spring embedded WebApplicationContext
2025-12-05 23:52:42 INFO  o.s.b.w.s.c.ServletWebServerApplicationContext:290 - Root WebApplicationContext: initialization completed in 545 ms
2025-12-05 23:52:43 INFO  o.a.c.h.Http11NioProtocol:173 - Starting ProtocolHandler ["http-nio-8082"]
2025-12-05 23:52:43 INFO  o.s.b.w.e.t.TomcatWebServer:220 - Tomcat started on port(s): 8082 (http) with context path ''
2025-12-05 23:52:43 INFO  o.d.DispatcherApplication:61 - Started DispatcherApplication in 1.492 seconds (JVM running for 1.888)
2025-12-05 23:53:33 INFO  o.d.DispatcherApplication:55 - Starting DispatcherApplication using Java 17.0.11 on DESKTOP-QVVD2JF with PID 8456 (D:\JAVA\MyJava\BotStorage\dispatcher\target\classes started by rexar.ika in D:\JAVA\MyJava\BotStorage)
2025-12-05 23:53:33 DEBUG o.d.DispatcherApplication:56 - Running with Spring Boot v2.5.2, Spring v5.3.8
2025-12-05 23:53:33 INFO  o.d.DispatcherApplication:659 - No active profile set, falling back to default profiles: default
2025-12-05 23:53:33 INFO  o.s.b.w.e.t.TomcatWebServer:108 - Tomcat initialized with port(s): 8082 (http)
2025-12-05 23:53:33 INFO  o.a.c.h.Http11NioProtocol:173 - Initializing ProtocolHandler ["http-nio-8082"]
2025-12-05 23:53:33 INFO  o.a.c.c.StandardService:173 - Starting service [Tomcat]
2025-12-05 23:53:33 INFO  o.a.c.c.StandardEngine:173 - Starting Servlet engine: [Apache Tomcat/9.0.48]
2025-12-05 23:53:34 INFO  o.a.c.c.C.[.[.[/]:173 - Initializing Spring embedded WebApplicationContext
2025-12-05 23:53:34 INFO  o.s.b.w.s.c.ServletWebServerApplicationContext:290 - Root WebApplicationContext: initialization completed in 548 ms
2025-12-05 23:53:34 INFO  o.a.c.h.Http11NioProtocol:173 - Starting ProtocolHandler ["http-nio-8082"]
2025-12-05 23:53:34 INFO  o.s.b.w.e.t.TomcatWebServer:220 - Tomcat started on port(s): 8082 (http) with context path ''
2025-12-05 23:53:34 INFO  o.d.DispatcherApplication:61 - Started DispatcherApplication in 1.491 seconds (JVM running for 1.852)
