2025-12-07 10:53:17 INFO  o.d.NodeApplication:55 - Starting NodeApplication using Java 17.0.11 on DESKTOP-QVVD2JF with PID 17276 (D:\JAVA\MyJava\BotStorage\node\target\classes started by rexar.ika in D:\JAVA\MyJava\BotStorage)
2025-12-07 10:53:17 DEBUG o.d.NodeApplication:56 - Running with Spring Boot v2.5.2, Spring v5.3.8
2025-12-07 10:53:17 INFO  o.d.NodeApplication:659 - No active profile set, falling back to default profiles: default
2025-12-07 10:53:18 INFO  o.s.b.w.e.t.TomcatWebServer:108 - Tomcat initialized with port(s): 8083 (http)
2025-12-07 10:53:18 INFO  o.a.c.h.Http11NioProtocol:173 - Initializing ProtocolHandler ["http-nio-8083"]
2025-12-07 10:53:18 INFO  o.a.c.c.StandardService:173 - Starting service [Tomcat]
2025-12-07 10:53:18 INFO  o.a.c.c.StandardEngine:173 - Starting Servlet engine: [Apache Tomcat/9.0.48]
2025-12-07 10:53:18 INFO  o.a.c.c.C.[.[.[/]:173 - Initializing Spring embedded WebApplicationContext
2025-12-07 10:53:18 INFO  o.s.b.w.s.c.ServletWebServerApplicationContext:290 - Root WebApplicationContext: initialization completed in 549 ms
2025-12-07 10:53:18 INFO  o.a.c.h.Http11NioProtocol:173 - Starting ProtocolHandler ["http-nio-8083"]
2025-12-07 10:53:18 INFO  o.s.b.w.e.t.TomcatWebServer:220 - Tomcat started on port(s): 8083 (http) with context path ''
2025-12-07 10:53:18 INFO  o.s.a.r.c.CachingConnectionFactory:638 - Attempting to connect to: [localhost:5672]
2025-12-07 10:53:18 INFO  o.s.a.r.l.SimpleMessageListenerContainer:1848 - Broker not available; cannot force queue declarations during start: java.net.ConnectException: Connection refused: no further information
2025-12-07 10:53:18 INFO  o.s.a.r.c.CachingConnectionFactory:638 - Attempting to connect to: [localhost:5672]
2025-12-07 10:53:18 INFO  o.s.a.r.c.CachingConnectionFactory:638 - Attempting to connect to: [localhost:5672]
2025-12-07 10:53:18 INFO  o.s.a.r.l.SimpleMessageListenerContainer:1848 - Broker not available; cannot force queue declarations during start: java.net.ConnectException: Connection refused: no further information
2025-12-07 10:53:18 INFO  o.s.a.r.c.CachingConnectionFactory:638 - Attempting to connect to: [localhost:5672]
2025-12-07 10:53:18 INFO  o.s.a.r.c.CachingConnectionFactory:638 - Attempting to connect to: [localhost:5672]
2025-12-07 10:53:18 INFO  o.s.a.r.l.SimpleMessageListenerContainer:1848 - Broker not available; cannot force queue declarations during start: java.net.ConnectException: Connection refused: no further information
2025-12-07 10:53:18 INFO  o.s.a.r.c.CachingConnectionFactory:638 - Attempting to connect to: [localhost:5672]
2025-12-07 10:53:18 INFO  o.d.NodeApplication:61 - Started NodeApplication in 1.226 seconds (JVM running for 1.607)
2025-12-07 10:53:23 WARN  o.s.a.r.l.SimpleMessageListenerContainer:1450 - Consumer raised exception, processing can restart if the connection factory supports it. Exception summary: org.springframework.amqp.AmqpConnectException: java.net.ConnectException: Connection refused: no further information
2025-12-07 10:53:23 INFO  o.s.a.r.l.SimpleMessageListenerContainer:1429 - Restarting Consumer@32a4ecbe: tags=[[]], channel=null, acknowledgeMode=AUTO local queue size=0
2025-12-07 10:53:23 INFO  o.s.a.r.c.CachingConnectionFactory:638 - Attempting to connect to: [localhost:5672]
2025-12-07 10:53:23 WARN  o.s.a.r.l.SimpleMessageListenerContainer:1450 - Consumer raised exception, processing can restart if the connection factory supports it. Exception summary: org.springframework.amqp.AmqpConnectException: java.net.ConnectException: Connection refused: no further information
2025-12-07 10:53:23 INFO  o.s.a.r.l.SimpleMessageListenerContainer:1429 - Restarting Consumer@160e99e0: tags=[[]], channel=null, acknowledgeMode=AUTO local queue size=0
2025-12-07 10:53:23 INFO  o.s.a.r.c.CachingConnectionFactory:638 - Attempting to connect to: [localhost:5672]
2025-12-07 10:53:23 WARN  o.s.a.r.l.SimpleMessageListenerContainer:1450 - Consumer raised exception, processing can restart if the connection factory supports it. Exception summary: org.springframework.amqp.AmqpConnectException: java.net.ConnectException: Connection refused: no further information
2025-12-07 10:53:23 INFO  o.s.a.r.l.SimpleMessageListenerContainer:1429 - Restarting Consumer@5934153e: tags=[[]], channel=null, acknowledgeMode=AUTO local queue size=0
2025-12-07 10:53:23 INFO  o.s.a.r.c.CachingConnectionFactory:638 - Attempting to connect to: [localhost:5672]
2025-12-07 10:53:29 WARN  o.s.a.r.l.SimpleMessageListenerContainer:1450 - Consumer raised exception, processing can restart if the connection factory supports it. Exception summary: org.springframework.amqp.AmqpConnectException: java.net.ConnectException: Connection refused: no further information
2025-12-07 10:53:29 INFO  o.s.a.r.l.SimpleMessageListenerContainer:1429 - Restarting Consumer@7a2f6547: tags=[[]], channel=null, acknowledgeMode=AUTO local queue size=0
2025-12-07 10:53:29 INFO  o.s.a.r.c.CachingConnectionFactory:638 - Attempting to connect to: [localhost:5672]
2025-12-07 10:53:29 WARN  o.s.a.r.l.SimpleMessageListenerContainer:1450 - Consumer raised exception, processing can restart if the connection factory supports it. Exception summary: org.springframework.amqp.AmqpConnectException: java.net.ConnectException: Connection refused: no further information
2025-12-07 10:53:29 WARN  o.s.a.r.l.SimpleMessageListenerContainer:1450 - Consumer raised exception, processing can restart if the connection factory supports it. Exception summary: org.springframework.amqp.AmqpConnectException: java.net.ConnectException: Connection refused: no further information
2025-12-07 10:53:29 INFO  o.s.a.r.l.SimpleMessageListenerContainer:1429 - Restarting Consumer@5b381b6f: tags=[[]], channel=null, acknowledgeMode=AUTO local queue size=0
2025-12-07 10:53:29 INFO  o.s.a.r.l.SimpleMessageListenerContainer:1429 - Restarting Consumer@20d6e915: tags=[[]], channel=null, acknowledgeMode=AUTO local queue size=0
2025-12-07 10:53:29 INFO  o.s.a.r.c.CachingConnectionFactory:638 - Attempting to connect to: [localhost:5672]
2025-12-07 10:53:29 INFO  o.s.a.r.c.CachingConnectionFactory:638 - Attempting to connect to: [localhost:5672]
2025-12-07 10:53:31 INFO  o.s.a.r.l.SimpleMessageListenerContainer:634 - Waiting for workers to finish.
2025-12-07 10:53:31 INFO  o.s.a.r.l.SimpleMessageListenerContainer:637 - Successfully waited for workers to finish.
2025-12-07 10:53:31 INFO  o.s.a.r.l.SimpleMessageListenerContainer:634 - Waiting for workers to finish.
2025-12-07 10:53:31 INFO  o.s.a.r.l.SimpleMessageListenerContainer:637 - Successfully waited for workers to finish.
2025-12-07 10:53:31 INFO  o.s.a.r.l.SimpleMessageListenerContainer:634 - Waiting for workers to finish.
2025-12-07 10:53:31 INFO  o.s.a.r.l.SimpleMessageListenerContainer:637 - Successfully waited for workers to finish.
2025-12-07 10:54:00 INFO  o.d.NodeApplication:55 - Starting NodeApplication using Java 17.0.11 on DESKTOP-QVVD2JF with PID 10664 (D:\JAVA\MyJava\BotStorage\node\target\classes started by rexar.ika in D:\JAVA\MyJava\BotStorage)
2025-12-07 10:54:00 DEBUG o.d.NodeApplication:56 - Running with Spring Boot v2.5.2, Spring v5.3.8
2025-12-07 10:54:00 INFO  o.d.NodeApplication:659 - No active profile set, falling back to default profiles: default
2025-12-07 10:54:00 INFO  o.s.b.w.e.t.TomcatWebServer:108 - Tomcat initialized with port(s): 8083 (http)
2025-12-07 10:54:00 INFO  o.a.c.h.Http11NioProtocol:173 - Initializing ProtocolHandler ["http-nio-8083"]
2025-12-07 10:54:00 INFO  o.a.c.c.StandardService:173 - Starting service [Tomcat]
2025-12-07 10:54:00 INFO  o.a.c.c.StandardEngine:173 - Starting Servlet engine: [Apache Tomcat/9.0.48]
2025-12-07 10:54:00 INFO  o.a.c.c.C.[.[.[/]:173 - Initializing Spring embedded WebApplicationContext
2025-12-07 10:54:00 INFO  o.s.b.w.s.c.ServletWebServerApplicationContext:290 - Root WebApplicationContext: initialization completed in 535 ms
2025-12-07 10:54:01 INFO  o.a.c.h.Http11NioProtocol:173 - Starting ProtocolHandler ["http-nio-8083"]
2025-12-07 10:54:01 INFO  o.s.b.w.e.t.TomcatWebServer:220 - Tomcat started on port(s): 8083 (http) with context path ''
2025-12-07 10:54:01 INFO  o.s.a.r.c.CachingConnectionFactory:638 - Attempting to connect to: [localhost:5672]
2025-12-07 10:54:01 INFO  o.s.a.r.c.CachingConnectionFactory:589 - Created new connection: rabbitConnectionFactory#37ad042b:0/SimpleConnection@741ac284 [delegate=amqp://userok@127.0.0.1:5672/, localPort= 64020]
2025-12-07 10:54:01 INFO  o.d.NodeApplication:61 - Started NodeApplication in 1.225 seconds (JVM running for 1.599)
2025-12-07 10:55:12 DEBUG o.d.s.i.ConsumerServiceImpl:26 - NODE: Text message is received
2025-12-07 10:58:01 INFO  o.s.a.r.l.SimpleMessageListenerContainer:634 - Waiting for workers to finish.
2025-12-07 10:58:02 INFO  o.s.a.r.l.SimpleMessageListenerContainer:637 - Successfully waited for workers to finish.
2025-12-07 10:58:02 INFO  o.s.a.r.l.SimpleMessageListenerContainer:634 - Waiting for workers to finish.
2025-12-07 10:58:02 INFO  o.s.a.r.l.SimpleMessageListenerContainer:637 - Successfully waited for workers to finish.
2025-12-07 10:58:02 INFO  o.s.a.r.l.SimpleMessageListenerContainer:634 - Waiting for workers to finish.
2025-12-07 10:58:02 INFO  o.s.a.r.l.SimpleMessageListenerContainer:637 - Successfully waited for workers to finish.
2025-12-07 10:58:05 INFO  o.d.NodeApplication:55 - Starting NodeApplication using Java 17.0.11 on DESKTOP-QVVD2JF with PID 28164 (D:\JAVA\MyJava\BotStorage\node\target\classes started by rexar.ika in D:\JAVA\MyJava\BotStorage)
2025-12-07 10:58:05 DEBUG o.d.NodeApplication:56 - Running with Spring Boot v2.5.2, Spring v5.3.8
2025-12-07 10:58:05 INFO  o.d.NodeApplication:659 - No active profile set, falling back to default profiles: default
2025-12-07 10:58:06 INFO  o.s.b.w.e.t.TomcatWebServer:108 - Tomcat initialized with port(s): 8083 (http)
2025-12-07 10:58:06 INFO  o.a.c.h.Http11NioProtocol:173 - Initializing ProtocolHandler ["http-nio-8083"]
2025-12-07 10:58:06 INFO  o.a.c.c.StandardService:173 - Starting service [Tomcat]
2025-12-07 10:58:06 INFO  o.a.c.c.StandardEngine:173 - Starting Servlet engine: [Apache Tomcat/9.0.48]
2025-12-07 10:58:06 INFO  o.a.c.c.C.[.[.[/]:173 - Initializing Spring embedded WebApplicationContext
2025-12-07 10:58:06 INFO  o.s.b.w.s.c.ServletWebServerApplicationContext:290 - Root WebApplicationContext: initialization completed in 592 ms
2025-12-07 10:58:06 INFO  o.a.c.h.Http11NioProtocol:173 - Starting ProtocolHandler ["http-nio-8083"]
2025-12-07 10:58:06 INFO  o.s.b.w.e.t.TomcatWebServer:220 - Tomcat started on port(s): 8083 (http) with context path ''
2025-12-07 10:58:06 INFO  o.s.a.r.c.CachingConnectionFactory:638 - Attempting to connect to: [localhost:5672]
2025-12-07 10:58:06 INFO  o.s.a.r.c.CachingConnectionFactory:589 - Created new connection: rabbitConnectionFactory#111d5c97:0/SimpleConnection@1e30db85 [delegate=amqp://userok@127.0.0.1:5672/, localPort= 65235]
2025-12-07 10:58:06 INFO  o.d.NodeApplication:61 - Started NodeApplication in 1.397 seconds (JVM running for 1.87)
2025-12-07 11:18:39 DEBUG o.d.s.i.ConsumerServiceImpl:26 - NODE: Text message is received
2025-12-07 11:18:39 INFO  o.s.a.r.c.CachingConnectionFactory:638 - Attempting to connect to: [localhost:5672]
2025-12-07 11:18:39 INFO  o.s.a.r.c.CachingConnectionFactory:589 - Created new connection: rabbitConnectionFactory#111d5c97:1/SimpleConnection@7e0cb8a9 [delegate=amqp://userok@127.0.0.1:5672/, localPort= 50389]
2025-12-07 11:18:39 INFO  o.s.a.r.l.SimpleMessageListenerContainer:1429 - Restarting Consumer@77524ca7: tags=[[amq.ctag-iCaK6DYkHoqGHNQaCMVtVA]], channel=Cached Rabbit Channel: AMQChannel(amqp://userok@127.0.0.1:5672/,1), conn: Proxy@7d2c345d Shared Rabbit Connection: SimpleConnection@7e0cb8a9 [delegate=amqp://userok@127.0.0.1:5672/, localPort= 50389], acknowledgeMode=AUTO local queue size=0
2025-12-07 11:24:56 INFO  o.s.a.r.l.SimpleMessageListenerContainer:1429 - Restarting Consumer@1e1e837d: tags=[[amq.ctag-zyRqYEr4kFSILx4eUKeGKA]], channel=Cached Rabbit Channel: AMQChannel(amqp://userok@127.0.0.1:5672/,3), conn: Proxy@7d2c345d Shared Rabbit Connection: SimpleConnection@7e0cb8a9 [delegate=amqp://userok@127.0.0.1:5672/, localPort= 50389], acknowledgeMode=AUTO local queue size=0
2025-12-07 11:24:56 INFO  o.s.a.r.l.SimpleMessageListenerContainer:1429 - Restarting Consumer@5b29ab61: tags=[[amq.ctag-qj5r2vdldyVhR6vqEE07tQ]], channel=Cached Rabbit Channel: AMQChannel(amqp://userok@127.0.0.1:5672/,2), conn: Proxy@7d2c345d Shared Rabbit Connection: SimpleConnection@7e0cb8a9 [delegate=amqp://userok@127.0.0.1:5672/, localPort= 50389], acknowledgeMode=AUTO local queue size=0
2025-12-07 11:24:56 DEBUG o.d.s.i.ConsumerServiceImpl:26 - NODE: Text message is received
2025-12-07 11:24:56 INFO  o.s.a.r.c.CachingConnectionFactory:638 - Attempting to connect to: [localhost:5672]
2025-12-07 11:24:56 INFO  o.s.a.r.c.CachingConnectionFactory:589 - Created new connection: rabbitConnectionFactory#111d5c97:2/SimpleConnection@622b48ee [delegate=amqp://userok@127.0.0.1:5672/, localPort= 50894]
2025-12-07 11:24:56 INFO  o.s.a.r.l.SimpleMessageListenerContainer:1429 - Restarting Consumer@cd6e030: tags=[[amq.ctag-BjrHgyG9mjDnKhdiLa0JLQ]], channel=Cached Rabbit Channel: AMQChannel(amqp://userok@127.0.0.1:5672/,1), conn: Proxy@7d2c345d Shared Rabbit Connection: SimpleConnection@622b48ee [delegate=amqp://userok@127.0.0.1:5672/, localPort= 50894], acknowledgeMode=AUTO local queue size=0
2025-12-07 11:24:59 DEBUG o.d.s.i.ConsumerServiceImpl:26 - NODE: Text message is received
2025-12-07 11:25:07 INFO  o.s.a.r.l.SimpleMessageListenerContainer:634 - Waiting for workers to finish.
2025-12-07 11:25:08 INFO  o.s.a.r.l.SimpleMessageListenerContainer:637 - Successfully waited for workers to finish.
2025-12-07 11:25:08 INFO  o.s.a.r.l.SimpleMessageListenerContainer:634 - Waiting for workers to finish.
2025-12-07 11:25:09 INFO  o.s.a.r.l.SimpleMessageListenerContainer:637 - Successfully waited for workers to finish.
2025-12-07 11:25:09 INFO  o.s.a.r.l.SimpleMessageListenerContainer:634 - Waiting for workers to finish.
2025-12-07 11:25:10 INFO  o.s.a.r.l.SimpleMessageListenerContainer:637 - Successfully waited for workers to finish.
2025-12-07 11:46:40 INFO  o.d.NodeApplication:55 - Starting NodeApplication using Java 17.0.11 on DESKTOP-QVVD2JF with PID 26824 (D:\JAVA\MyJava\BotStorage\node\target\classes started by rexar.ika in D:\JAVA\MyJava\BotStorage)
2025-12-07 11:46:40 DEBUG o.d.NodeApplication:56 - Running with Spring Boot v2.5.2, Spring v5.3.8
2025-12-07 11:46:40 INFO  o.d.NodeApplication:659 - No active profile set, falling back to default profiles: default
2025-12-07 11:46:40 INFO  o.s.b.w.e.t.TomcatWebServer:108 - Tomcat initialized with port(s): 8083 (http)
2025-12-07 11:46:40 INFO  o.a.c.h.Http11NioProtocol:173 - Initializing ProtocolHandler ["http-nio-8083"]
2025-12-07 11:46:40 INFO  o.a.c.c.StandardService:173 - Starting service [Tomcat]
2025-12-07 11:46:40 INFO  o.a.c.c.StandardEngine:173 - Starting Servlet engine: [Apache Tomcat/9.0.48]
2025-12-07 11:46:40 INFO  o.a.c.c.C.[.[.[/]:173 - Initializing Spring embedded WebApplicationContext
2025-12-07 11:46:40 INFO  o.s.b.w.s.c.ServletWebServerApplicationContext:290 - Root WebApplicationContext: initialization completed in 656 ms
2025-12-07 11:46:41 INFO  o.a.c.h.Http11NioProtocol:173 - Starting ProtocolHandler ["http-nio-8083"]
2025-12-07 11:46:41 INFO  o.s.b.w.e.t.TomcatWebServer:220 - Tomcat started on port(s): 8083 (http) with context path ''
2025-12-07 11:46:41 INFO  o.s.a.r.c.CachingConnectionFactory:638 - Attempting to connect to: [localhost:5672]
2025-12-07 11:46:41 INFO  o.s.a.r.c.CachingConnectionFactory:589 - Created new connection: rabbitConnectionFactory#119b0892:0/SimpleConnection@6dca31eb [delegate=amqp://userok@127.0.0.1:5672/, localPort= 53083]
2025-12-07 11:46:41 INFO  o.d.NodeApplication:61 - Started NodeApplication in 1.533 seconds (JVM running for 1.993)
2025-12-07 16:03:32 INFO  o.s.a.r.l.SimpleMessageListenerContainer:634 - Waiting for workers to finish.
2025-12-07 16:03:32 INFO  o.s.a.r.l.SimpleMessageListenerContainer:637 - Successfully waited for workers to finish.
2025-12-07 16:03:32 INFO  o.s.a.r.l.SimpleMessageListenerContainer:634 - Waiting for workers to finish.
2025-12-07 16:03:33 INFO  o.s.a.r.l.SimpleMessageListenerContainer:637 - Successfully waited for workers to finish.
2025-12-07 16:03:33 INFO  o.s.a.r.l.SimpleMessageListenerContainer:634 - Waiting for workers to finish.
2025-12-07 16:03:34 INFO  o.s.a.r.l.SimpleMessageListenerContainer:637 - Successfully waited for workers to finish.
