2025-12-06 00:15:18 INFO  o.d.NodeApplication:55 - Starting NodeApplication using Java 17.0.11 on DESKTOP-QVVD2JF with PID 14408 (D:\JAVA\MyJava\BotStorage\node\target\classes started by rexar.ika in D:\JAVA\MyJava\BotStorage)
2025-12-06 00:15:18 DEBUG o.d.NodeApplication:56 - Running with Spring Boot v2.5.2, Spring v5.3.8
2025-12-06 00:15:18 INFO  o.d.NodeApplication:659 - No active profile set, falling back to default profiles: default
2025-12-06 00:15:19 INFO  o.s.b.w.e.t.TomcatWebServer:108 - Tomcat initialized with port(s): 8083 (http)
2025-12-06 00:15:19 INFO  o.a.c.h.Http11NioProtocol:173 - Initializing ProtocolHandler ["http-nio-8083"]
2025-12-06 00:15:19 INFO  o.a.c.c.StandardService:173 - Starting service [Tomcat]
2025-12-06 00:15:19 INFO  o.a.c.c.StandardEngine:173 - Starting Servlet engine: [Apache Tomcat/9.0.48]
2025-12-06 00:15:19 INFO  o.a.c.c.C.[.[.[/]:173 - Initializing Spring embedded WebApplicationContext
2025-12-06 00:15:19 INFO  o.s.b.w.s.c.ServletWebServerApplicationContext:290 - Root WebApplicationContext: initialization completed in 545 ms
2025-12-06 00:15:19 INFO  o.a.c.h.Http11NioProtocol:173 - Starting ProtocolHandler ["http-nio-8083"]
2025-12-06 00:15:19 INFO  o.s.b.w.e.t.TomcatWebServer:220 - Tomcat started on port(s): 8083 (http) with context path ''
2025-12-06 00:15:19 INFO  o.s.a.r.c.CachingConnectionFactory:638 - Attempting to connect to: [localhost:5672]
2025-12-06 00:15:19 INFO  o.s.a.r.c.CachingConnectionFactory:589 - Created new connection: rabbitConnectionFactory#3ddeaa5f:0/SimpleConnection@4e375bba [delegate=amqp://userok@127.0.0.1:5672/, localPort= 50476]
2025-12-06 00:15:19 INFO  o.d.NodeApplication:61 - Started NodeApplication in 1.263 seconds (JVM running for 1.628)
2025-12-06 00:15:19 DEBUG o.d.s.i.ConsumerServiceImpl:26 - NODE: Text message is received
2025-12-06 00:28:24 DEBUG o.d.s.i.ConsumerServiceImpl:26 - NODE: Text message is received
2025-12-06 00:39:36 INFO  o.s.a.r.l.SimpleMessageListenerContainer:634 - Waiting for workers to finish.
2025-12-06 00:39:36 INFO  o.s.a.r.l.SimpleMessageListenerContainer:637 - Successfully waited for workers to finish.
2025-12-06 00:39:36 INFO  o.s.a.r.l.SimpleMessageListenerContainer:634 - Waiting for workers to finish.
2025-12-06 00:39:37 INFO  o.s.a.r.l.SimpleMessageListenerContainer:637 - Successfully waited for workers to finish.
2025-12-06 00:39:37 INFO  o.s.a.r.l.SimpleMessageListenerContainer:634 - Waiting for workers to finish.
2025-12-06 00:39:37 INFO  o.s.a.r.l.SimpleMessageListenerContainer:637 - Successfully waited for workers to finish.
2025-12-06 00:41:31 INFO  o.d.NodeApplication:55 - Starting NodeApplication using Java 17.0.11 on DESKTOP-QVVD2JF with PID 23368 (D:\JAVA\MyJava\BotStorage\node\target\classes started by rexar.ika in D:\JAVA\MyJava\BotStorage)
2025-12-06 00:41:31 DEBUG o.d.NodeApplication:56 - Running with Spring Boot v2.5.2, Spring v5.3.8
2025-12-06 00:41:31 INFO  o.d.NodeApplication:659 - No active profile set, falling back to default profiles: default
2025-12-06 00:41:31 INFO  o.s.b.w.e.t.TomcatWebServer:108 - Tomcat initialized with port(s): 8083 (http)
2025-12-06 00:41:31 INFO  o.a.c.h.Http11NioProtocol:173 - Initializing ProtocolHandler ["http-nio-8083"]
2025-12-06 00:41:31 INFO  o.a.c.c.StandardService:173 - Starting service [Tomcat]
2025-12-06 00:41:31 INFO  o.a.c.c.StandardEngine:173 - Starting Servlet engine: [Apache Tomcat/9.0.48]
2025-12-06 00:41:31 INFO  o.a.c.c.C.[.[.[/]:173 - Initializing Spring embedded WebApplicationContext
2025-12-06 00:41:31 INFO  o.s.b.w.s.c.ServletWebServerApplicationContext:290 - Root WebApplicationContext: initialization completed in 546 ms
2025-12-06 00:41:32 INFO  o.a.c.h.Http11NioProtocol:173 - Starting ProtocolHandler ["http-nio-8083"]
2025-12-06 00:41:32 INFO  o.s.b.w.e.t.TomcatWebServer:220 - Tomcat started on port(s): 8083 (http) with context path ''
2025-12-06 00:41:32 INFO  o.s.a.r.c.CachingConnectionFactory:638 - Attempting to connect to: [localhost:5672]
2025-12-06 00:41:32 INFO  o.s.a.r.c.CachingConnectionFactory:589 - Created new connection: rabbitConnectionFactory#37ad042b:0/SimpleConnection@741ac284 [delegate=amqp://userok@127.0.0.1:5672/, localPort= 60654]
2025-12-06 00:41:32 INFO  o.d.NodeApplication:61 - Started NodeApplication in 1.259 seconds (JVM running for 1.639)
2025-12-06 00:42:20 DEBUG o.d.s.i.ConsumerServiceImpl:26 - NODE: Text message is received
2025-12-06 00:47:15 INFO  o.s.a.r.l.SimpleMessageListenerContainer:634 - Waiting for workers to finish.
2025-12-06 00:47:16 INFO  o.s.a.r.l.SimpleMessageListenerContainer:637 - Successfully waited for workers to finish.
2025-12-06 00:47:16 INFO  o.s.a.r.l.SimpleMessageListenerContainer:634 - Waiting for workers to finish.
2025-12-06 00:47:17 INFO  o.s.a.r.l.SimpleMessageListenerContainer:637 - Successfully waited for workers to finish.
2025-12-06 00:47:17 INFO  o.s.a.r.l.SimpleMessageListenerContainer:634 - Waiting for workers to finish.
2025-12-06 00:47:18 INFO  o.s.a.r.l.SimpleMessageListenerContainer:637 - Successfully waited for workers to finish.
2025-12-06 17:27:28 INFO  o.d.NodeApplication:55 - Starting NodeApplication using Java 17.0.11 on DESKTOP-QVVD2JF with PID 33884 (D:\JAVA\MyJava\BotStorage\node\target\classes started by rexar.ika in D:\JAVA\MyJava\BotStorage)
2025-12-06 17:27:28 DEBUG o.d.NodeApplication:56 - Running with Spring Boot v2.5.2, Spring v5.3.8
2025-12-06 17:27:28 INFO  o.d.NodeApplication:659 - No active profile set, falling back to default profiles: default
2025-12-06 17:27:29 INFO  o.s.b.w.e.t.TomcatWebServer:108 - Tomcat initialized with port(s): 8083 (http)
2025-12-06 17:27:29 INFO  o.a.c.h.Http11NioProtocol:173 - Initializing ProtocolHandler ["http-nio-8083"]
2025-12-06 17:27:29 INFO  o.a.c.c.StandardService:173 - Starting service [Tomcat]
2025-12-06 17:27:29 INFO  o.a.c.c.StandardEngine:173 - Starting Servlet engine: [Apache Tomcat/9.0.48]
2025-12-06 17:27:29 INFO  o.a.c.c.C.[.[.[/]:173 - Initializing Spring embedded WebApplicationContext
2025-12-06 17:27:29 INFO  o.s.b.w.s.c.ServletWebServerApplicationContext:290 - Root WebApplicationContext: initialization completed in 606 ms
2025-12-06 17:27:29 INFO  o.a.c.h.Http11NioProtocol:173 - Starting ProtocolHandler ["http-nio-8083"]
2025-12-06 17:27:29 INFO  o.s.b.w.e.t.TomcatWebServer:220 - Tomcat started on port(s): 8083 (http) with context path ''
2025-12-06 17:27:29 INFO  o.s.a.r.c.CachingConnectionFactory:638 - Attempting to connect to: [localhost:5672]
2025-12-06 17:27:29 INFO  o.s.a.r.c.CachingConnectionFactory:589 - Created new connection: rabbitConnectionFactory#37ad042b:0/SimpleConnection@741ac284 [delegate=amqp://userok@127.0.0.1:5672/, localPort= 56467]
2025-12-06 17:27:30 INFO  o.d.NodeApplication:61 - Started NodeApplication in 1.444 seconds (JVM running for 1.884)
2025-12-06 18:02:43 DEBUG o.d.s.i.ConsumerServiceImpl:26 - NODE: Text message is received
2025-12-06 18:05:43 INFO  o.s.a.r.l.SimpleMessageListenerContainer:634 - Waiting for workers to finish.
2025-12-06 18:05:43 INFO  o.s.a.r.l.SimpleMessageListenerContainer:637 - Successfully waited for workers to finish.
2025-12-06 18:05:43 INFO  o.s.a.r.l.SimpleMessageListenerContainer:634 - Waiting for workers to finish.
2025-12-06 18:05:43 INFO  o.s.a.r.l.SimpleMessageListenerContainer:637 - Successfully waited for workers to finish.
2025-12-06 18:05:43 INFO  o.s.a.r.l.SimpleMessageListenerContainer:634 - Waiting for workers to finish.
2025-12-06 18:05:44 INFO  o.s.a.r.l.SimpleMessageListenerContainer:637 - Successfully waited for workers to finish.
